// Jest Snapshot v1, https://goo.gl/fbAQLP

exports[`App component renders App 1`] = `
<DocumentFragment>
  <div
    class="Header"
  >
    <button>
      Switch Theme
    </button>
  </div>
  <div
    class="Home"
  >
    <h1>
      KALAN PRUDHOMME
    </h1>
    <h2>
      fullstack software developer
    </h2>
    <p>
      Good Words : Good Thoughts : Good Deeds
    </p>
    <div
      class="sc-bdnxRM ezVwoD"
    >
      <h1>
        Projects
      </h1>
      <figure>
        <img
          src="./Web_Wizard.png"
        />
        <a
          href="https://github.com/KAKMAV/web-wizard"
        >
          Github
        </a>
        <figcaption>
          WebWizard
        </figcaption>
        <p>
          Description
        </p>
      </figure>
      <figure>
        <img
          src="./TuneMatch.png"
        />
        <a
          href="https://github.com/NC2K/tune-match"
        >
          Github
        </a>
        <figcaption>
          Tune Match
        </figcaption>
        <p>
          Description
        </p>
      </figure>
      <figure>
        <img
          src="./IoSpio.png"
        />
        <a
          href="https://github.com/Gaka-Daka/io-spio"
        >
          Github
        </a>
        <figcaption>
          Io Spio
        </figcaption>
        <p>
          Description
        </p>
      </figure>
    </div>
  </div>
</DocumentFragment>
`;
